CREATE TEMP TABLE spoken_lang_enc (name CHAR(2) NOT NULL, lang spoken_lang NOT NULL PRIMARY KEY);
INSERT INTO spoken_lang_enc VALUES('aa', 'aa');
INSERT INTO spoken_lang_enc VALUES('ab', 'ab');
INSERT INTO spoken_lang_enc VALUES('ae', 'ae');
INSERT INTO spoken_lang_enc VALUES('af', 'af');
INSERT INTO spoken_lang_enc VALUES('ak', 'ak');
INSERT INTO spoken_lang_enc VALUES('am', 'am');
INSERT INTO spoken_lang_enc VALUES('an', 'an');
INSERT INTO spoken_lang_enc VALUES('ar', 'ar');
INSERT INTO spoken_lang_enc VALUES('as', 'as');
INSERT INTO spoken_lang_enc VALUES('av', 'av');
INSERT INTO spoken_lang_enc VALUES('ay', 'ay');
INSERT INTO spoken_lang_enc VALUES('az', 'az');
INSERT INTO spoken_lang_enc VALUES('ba', 'ba');
INSERT INTO spoken_lang_enc VALUES('be', 'be');
INSERT INTO spoken_lang_enc VALUES('bg', 'bg');
INSERT INTO spoken_lang_enc VALUES('bh', 'bh');
INSERT INTO spoken_lang_enc VALUES('bi', 'bi');
INSERT INTO spoken_lang_enc VALUES('bm', 'bm');
INSERT INTO spoken_lang_enc VALUES('bn', 'bn');
INSERT INTO spoken_lang_enc VALUES('bo', 'bo');
INSERT INTO spoken_lang_enc VALUES('br', 'br');
INSERT INTO spoken_lang_enc VALUES('bs', 'bs');
INSERT INTO spoken_lang_enc VALUES('ca', 'ca');
INSERT INTO spoken_lang_enc VALUES('ce', 'ce');
INSERT INTO spoken_lang_enc VALUES('ch', 'ch');
INSERT INTO spoken_lang_enc VALUES('co', 'co');
INSERT INTO spoken_lang_enc VALUES('cr', 'cr');
INSERT INTO spoken_lang_enc VALUES('cs', 'cs');
INSERT INTO spoken_lang_enc VALUES('cu', 'cu');
INSERT INTO spoken_lang_enc VALUES('cv', 'cv');
INSERT INTO spoken_lang_enc VALUES('cy', 'cy');
INSERT INTO spoken_lang_enc VALUES('da', 'da');
INSERT INTO spoken_lang_enc VALUES('de', 'de');
INSERT INTO spoken_lang_enc VALUES('dv', 'dv');
INSERT INTO spoken_lang_enc VALUES('dz', 'dz');
INSERT INTO spoken_lang_enc VALUES('ee', 'ee');
INSERT INTO spoken_lang_enc VALUES('el', 'el');
INSERT INTO spoken_lang_enc VALUES('en', 'en');
INSERT INTO spoken_lang_enc VALUES('eo', 'eo');
INSERT INTO spoken_lang_enc VALUES('es', 'es');
INSERT INTO spoken_lang_enc VALUES('et', 'et');
INSERT INTO spoken_lang_enc VALUES('eu', 'eu');
INSERT INTO spoken_lang_enc VALUES('fa', 'fa');
INSERT INTO spoken_lang_enc VALUES('ff', 'ff');
INSERT INTO spoken_lang_enc VALUES('fi', 'fi');
INSERT INTO spoken_lang_enc VALUES('fj', 'fj');
INSERT INTO spoken_lang_enc VALUES('fo', 'fo');
INSERT INTO spoken_lang_enc VALUES('fr', 'fr');
INSERT INTO spoken_lang_enc VALUES('fy', 'fy');
INSERT INTO spoken_lang_enc VALUES('ga', 'ga');
INSERT INTO spoken_lang_enc VALUES('gd', 'gd');
INSERT INTO spoken_lang_enc VALUES('gl', 'gl');
INSERT INTO spoken_lang_enc VALUES('gn', 'gn');
INSERT INTO spoken_lang_enc VALUES('gu', 'gu');
INSERT INTO spoken_lang_enc VALUES('gv', 'gv');
INSERT INTO spoken_lang_enc VALUES('ha', 'ha');
INSERT INTO spoken_lang_enc VALUES('he', 'he');
INSERT INTO spoken_lang_enc VALUES('hi', 'hi');
INSERT INTO spoken_lang_enc VALUES('ho', 'ho');
INSERT INTO spoken_lang_enc VALUES('hr', 'hr');
INSERT INTO spoken_lang_enc VALUES('ht', 'ht');
INSERT INTO spoken_lang_enc VALUES('hu', 'hu');
INSERT INTO spoken_lang_enc VALUES('hy', 'hy');
INSERT INTO spoken_lang_enc VALUES('hz', 'hz');
INSERT INTO spoken_lang_enc VALUES('ia', 'ia');
INSERT INTO spoken_lang_enc VALUES('id', 'id');
INSERT INTO spoken_lang_enc VALUES('ie', 'ie');
INSERT INTO spoken_lang_enc VALUES('ig', 'ig');
INSERT INTO spoken_lang_enc VALUES('ii', 'ii');
INSERT INTO spoken_lang_enc VALUES('ik', 'ik');
INSERT INTO spoken_lang_enc VALUES('io', 'io');
INSERT INTO spoken_lang_enc VALUES('is', 'is');
INSERT INTO spoken_lang_enc VALUES('it', 'it');
INSERT INTO spoken_lang_enc VALUES('iu', 'iu');
INSERT INTO spoken_lang_enc VALUES('ja', 'ja');
INSERT INTO spoken_lang_enc VALUES('jv', 'jv');
INSERT INTO spoken_lang_enc VALUES('ka', 'ka');
INSERT INTO spoken_lang_enc VALUES('kg', 'kg');
INSERT INTO spoken_lang_enc VALUES('ki', 'ki');
INSERT INTO spoken_lang_enc VALUES('kj', 'kj');
INSERT INTO spoken_lang_enc VALUES('kk', 'kk');
INSERT INTO spoken_lang_enc VALUES('kl', 'kl');
INSERT INTO spoken_lang_enc VALUES('km', 'km');
INSERT INTO spoken_lang_enc VALUES('kn', 'kn');
INSERT INTO spoken_lang_enc VALUES('ko', 'ko');
INSERT INTO spoken_lang_enc VALUES('kr', 'kr');
INSERT INTO spoken_lang_enc VALUES('ks', 'ks');
INSERT INTO spoken_lang_enc VALUES('ku', 'ku');
INSERT INTO spoken_lang_enc VALUES('kv', 'kv');
INSERT INTO spoken_lang_enc VALUES('kw', 'kw');
INSERT INTO spoken_lang_enc VALUES('ky', 'ky');
INSERT INTO spoken_lang_enc VALUES('la', 'la');
INSERT INTO spoken_lang_enc VALUES('lb', 'lb');
INSERT INTO spoken_lang_enc VALUES('lg', 'lg');
INSERT INTO spoken_lang_enc VALUES('li', 'li');
INSERT INTO spoken_lang_enc VALUES('ln', 'ln');
INSERT INTO spoken_lang_enc VALUES('lo', 'lo');
INSERT INTO spoken_lang_enc VALUES('lt', 'lt');
INSERT INTO spoken_lang_enc VALUES('lu', 'lu');
INSERT INTO spoken_lang_enc VALUES('lv', 'lv');
INSERT INTO spoken_lang_enc VALUES('mg', 'mg');
INSERT INTO spoken_lang_enc VALUES('mh', 'mh');
INSERT INTO spoken_lang_enc VALUES('mi', 'mi');
INSERT INTO spoken_lang_enc VALUES('mk', 'mk');
INSERT INTO spoken_lang_enc VALUES('ml', 'ml');
INSERT INTO spoken_lang_enc VALUES('mn', 'mn');
INSERT INTO spoken_lang_enc VALUES('mr', 'mr');
INSERT INTO spoken_lang_enc VALUES('ms', 'ms');
INSERT INTO spoken_lang_enc VALUES('mt', 'mt');
INSERT INTO spoken_lang_enc VALUES('my', 'my');
INSERT INTO spoken_lang_enc VALUES('na', 'na');
INSERT INTO spoken_lang_enc VALUES('nb', 'nb');
INSERT INTO spoken_lang_enc VALUES('nd', 'nd');
INSERT INTO spoken_lang_enc VALUES('ne', 'ne');
INSERT INTO spoken_lang_enc VALUES('ng', 'ng');
INSERT INTO spoken_lang_enc VALUES('nl', 'nl');
INSERT INTO spoken_lang_enc VALUES('nn', 'nn');
INSERT INTO spoken_lang_enc VALUES('no', 'no');
INSERT INTO spoken_lang_enc VALUES('nr', 'nr');
INSERT INTO spoken_lang_enc VALUES('nv', 'nv');
INSERT INTO spoken_lang_enc VALUES('ny', 'ny');
INSERT INTO spoken_lang_enc VALUES('oc', 'oc');
INSERT INTO spoken_lang_enc VALUES('oj', 'oj');
INSERT INTO spoken_lang_enc VALUES('om', 'om');
INSERT INTO spoken_lang_enc VALUES('or', 'or');
INSERT INTO spoken_lang_enc VALUES('os', 'os');
INSERT INTO spoken_lang_enc VALUES('pa', 'pa');
INSERT INTO spoken_lang_enc VALUES('pi', 'pi');
INSERT INTO spoken_lang_enc VALUES('pl', 'pl');
INSERT INTO spoken_lang_enc VALUES('ps', 'ps');
INSERT INTO spoken_lang_enc VALUES('pt', 'pt');
INSERT INTO spoken_lang_enc VALUES('qu', 'qu');
INSERT INTO spoken_lang_enc VALUES('rm', 'rm');
INSERT INTO spoken_lang_enc VALUES('rn', 'rn');
INSERT INTO spoken_lang_enc VALUES('ro', 'ro');
INSERT INTO spoken_lang_enc VALUES('ru', 'ru');
INSERT INTO spoken_lang_enc VALUES('rw', 'rw');
INSERT INTO spoken_lang_enc VALUES('sa', 'sa');
INSERT INTO spoken_lang_enc VALUES('sc', 'sc');
INSERT INTO spoken_lang_enc VALUES('sd', 'sd');
INSERT INTO spoken_lang_enc VALUES('se', 'se');
INSERT INTO spoken_lang_enc VALUES('sg', 'sg');
INSERT INTO spoken_lang_enc VALUES('si', 'si');
INSERT INTO spoken_lang_enc VALUES('sk', 'sk');
INSERT INTO spoken_lang_enc VALUES('sl', 'sl');
INSERT INTO spoken_lang_enc VALUES('sm', 'sm');
INSERT INTO spoken_lang_enc VALUES('sn', 'sn');
INSERT INTO spoken_lang_enc VALUES('so', 'so');
INSERT INTO spoken_lang_enc VALUES('sq', 'sq');
INSERT INTO spoken_lang_enc VALUES('sr', 'sr');
INSERT INTO spoken_lang_enc VALUES('ss', 'ss');
INSERT INTO spoken_lang_enc VALUES('st', 'st');
INSERT INTO spoken_lang_enc VALUES('su', 'su');
INSERT INTO spoken_lang_enc VALUES('sv', 'sv');
INSERT INTO spoken_lang_enc VALUES('sw', 'sw');
INSERT INTO spoken_lang_enc VALUES('ta', 'ta');
INSERT INTO spoken_lang_enc VALUES('te', 'te');
INSERT INTO spoken_lang_enc VALUES('tg', 'tg');
INSERT INTO spoken_lang_enc VALUES('th', 'th');
INSERT INTO spoken_lang_enc VALUES('ti', 'ti');
INSERT INTO spoken_lang_enc VALUES('tk', 'tk');
INSERT INTO spoken_lang_enc VALUES('tl', 'tl');
INSERT INTO spoken_lang_enc VALUES('tn', 'tn');
INSERT INTO spoken_lang_enc VALUES('to', 'to');
INSERT INTO spoken_lang_enc VALUES('tr', 'tr');
INSERT INTO spoken_lang_enc VALUES('ts', 'ts');
INSERT INTO spoken_lang_enc VALUES('tt', 'tt');
INSERT INTO spoken_lang_enc VALUES('tw', 'tw');
INSERT INTO spoken_lang_enc VALUES('ty', 'ty');
INSERT INTO spoken_lang_enc VALUES('ug', 'ug');
INSERT INTO spoken_lang_enc VALUES('uk', 'uk');
INSERT INTO spoken_lang_enc VALUES('ur', 'ur');
INSERT INTO spoken_lang_enc VALUES('uz', 'uz');
INSERT INTO spoken_lang_enc VALUES('ve', 've');
INSERT INTO spoken_lang_enc VALUES('vi', 'vi');
INSERT INTO spoken_lang_enc VALUES('vo', 'vo');
INSERT INTO spoken_lang_enc VALUES('wa', 'wa');
INSERT INTO spoken_lang_enc VALUES('wo', 'wo');
INSERT INTO spoken_lang_enc VALUES('xh', 'xh');
INSERT INTO spoken_lang_enc VALUES('yi', 'yi');
INSERT INTO spoken_lang_enc VALUES('yo', 'yo');
INSERT INTO spoken_lang_enc VALUES('za', 'za');
INSERT INTO spoken_lang_enc VALUES('zh', 'zh');
INSERT INTO spoken_lang_enc VALUES('zu', 'zu');
INSERT INTO spoken_lang_enc VALUES('zz', 'zz');
SELECT * FROM spoken_lang_enc WHERE name :: spoken_lang != lang;
 name | lang 
------+------
(0 rows)

explain select * from spoken_lang_enc WHERE name::spoken_lang != 'id';
                           QUERY PLAN                            
-----------------------------------------------------------------
 Seq Scan on spoken_lang_enc  (cost=0.00..44.83 rows=1980 width=13)
   Filter: ((name)::spoken_lang <> 'id'::spoken_lang)
(2 rows)

