SELECT 'ts' :: spoken_lang <  'tt' :: spoken_lang;
 ?column? 
----------
 t
(1 row)

SELECT 'ts' :: spoken_lang <= 'tt' :: spoken_lang;
 ?column? 
----------
 t
(1 row)

SELECT 'ts' :: spoken_lang >  'tt' :: spoken_lang;
 ?column? 
----------
 f
(1 row)

SELECT 'tt' :: spoken_lang >  'ts' :: spoken_lang;
 ?column? 
----------
 t
(1 row)

SELECT 'tt' :: spoken_lang >= 'ts' :: spoken_lang;
 ?column? 
----------
 t
(1 row)

SELECT 'tt' :: spoken_lang >  'tt' :: spoken_lang;
 ?column? 
----------
 f
(1 row)

SELECT 'tt' :: spoken_lang >= 'tt' :: spoken_lang;
 ?column? 
----------
 t
(1 row)

SELECT 'tt' :: spoken_lang =  'ts' :: spoken_lang;
 ?column? 
----------
 f
(1 row)

SELECT 'tt' :: spoken_lang != 'ts' :: spoken_lang;
 ?column? 
----------
 t
(1 row)

SELECT 'tt' :: spoken_lang != 'tt' :: spoken_lang;
 ?column? 
----------
 f
(1 row)

SELECT 'tt' :: spoken_lang =  'tt' :: spoken_lang;
 ?column? 
----------
 t
(1 row)

